
> gemini-chat-unified@1.0.0 test
> vitest run


[1m[46m RUN [49m[22m [36mv3.2.4 [39m[90mC:/Users/ZTS/Desktop/dev/timo[39m

 [32m鉁?[39m tests/conversations-regenerate.test.js [2m([22m[2m2 tests[22m[2m)[22m[32m 59[2mms[22m[39m

[2m Test Files [22m [1m[31m1 failed[39m[22m[2m | [22m[1m[32m1 passed[39m[22m[90m (2)[39m
[2m      Tests [22m [1m[32m2 passed[39m[22m[90m (2)[39m
[2m   Start at [22m 15:00:24
[2m   Duration [22m 516ms[2m (transform 37ms, setup 10ms, collect 122ms, tests 59ms, environment 0ms, prepare 128ms)[22m

